SamTestFiles/S1_refHPAI_cons_stampy.bam:
Number of reads with inserts: 3536
Number of reads with Ns: 496
Number of sequence used: 414706
Frequency of mismatches per read (mismatches: number of reads)
0: 240157
1: 116833
2: 34478
3: 11182
4: 4776
5: 2647
6: 1483
7: 913
8: 546
9: 390
10: 280
11: 206
12: 148
13: 111
14: 80
15: 68
16: 63
17: 47
18: 45
19: 37
20: 32
21: 21
22: 30
23: 18
24: 16
25: 9
26: 14
27: 4
28: 5
29: 11
30: 10
31: 5
32: 4
33: 5
34: 4
35: 3
36: 4
37: 6
38: 2
39: 1
40: 2
42: 4
44: 2
48: 1
52: 1
54: 1
56: 1
Gene NA_Influenza Average entropy = 0.0273725182295702
Gene PA_Influenza Average entropy = 0.0207375977545249
Gene M_Influenza Average entropy = 0.0261926551662851
Gene NS_Influenza Average entropy = 0.0267268832661323
Gene HA_Influenza Average entropy = 0.0244747945200343
Gene PB1_Influenza Average entropy = 0.020424173383681
Gene NP_Influenza Average entropy = 0.0262337723933299
Gene PB2_Influenza Average entropy = 0.0270119214781234
